2026-08-14T14:05:13.60194Z	Cloning repository...
2026-08-14T14:05:14.987748Z	From https://github.com/liumoci/my-website-test-
2026-08-14T14:05:14.988061Z	 * branch            73604e2a7624efc5e8eb7bd5aed10286a00b805c -> FETCH_HEAD
2026-08-14T14:05:14.988139Z	
2026-08-14T14:05:15.033037Z	HEAD is now at 73604e2 Add files via upload
2026-08-14T14:05:15.033438Z	
2026-08-14T14:05:15.080496Z	
2026-08-14T14:05:15.080868Z	Using v2 root directory strategy
2026-08-14T14:05:15.094274Z	Success: Finished cloning repository files
2026-08-14T14:05:16.234141Z	No build output detected to cache. Skipping.
2026-08-14T14:05:16.234531Z	No dependencies detected to cache. Skipping.
2026-08-14T14:05:16.971704Z	Checking for configuration in a Wrangler configuration file (BETA)
2026-08-14T14:05:16.972085Z	
2026-08-14T14:05:17.12672Z	No Wrangler configuration file found. Continuing.
2026-08-14T14:05:17.127031Z	No build command specified. Skipping build step.
2026-08-14T14:05:17.12759Z	Found Functions directory at /functions. Uploading.
2026-08-14T14:05:17.132681Z	 ⛅️ wrangler 3.114.17
2026-08-14T14:05:17.132807Z	-------------------
2026-08-14T14:05:17.840472Z	
2026-08-14T14:05:17.89489Z	[31m✘ [41;31m[[41;97mERROR[41;31m][0m [1mInvalid Pages function route parameter - "[...path]". Parameter names must only contain alphanumeric and underscore characters.[0m
2026-08-14T14:05:17.895172Z	
2026-08-14T14:05:17.895252Z	
2026-08-14T14:05:17.908975Z	🪵  Logs were written to "/root/.config/.wrangler/logs/wrangler-2026-08-14_14-05-17_566.log"
2026-08-14T14:05:17.996867Z	Failed building Pages Functions.
2026-08-14T14:05:18.879847Z	Failed: generating Pages Functions failed. Check the logs above for more information. If this continues for an unknown reason, contact support: https://cfl.re/3WgEyrH