2026-08-14T14:24:14.280413Z	Cloning repository...
2026-08-14T14:24:15.664377Z	From https://github.com/liumoci/my-website-test-
2026-08-14T14:24:15.66476Z	 * branch            c78ca66b24f3b96bdb92faccb2e3f5fdbaf76101 -> FETCH_HEAD
2026-08-14T14:24:15.664845Z	
2026-08-14T14:24:15.712684Z	HEAD is now at c78ca66 修复留言箱 API 路由 + 样式 + 悬浮按钮等所有问题
2026-08-14T14:24:15.713054Z	
2026-08-14T14:24:15.88734Z	
2026-08-14T14:24:15.887833Z	Using v2 root directory strategy
2026-08-14T14:24:15.901271Z	Success: Finished cloning repository files
2026-08-14T14:24:17.011235Z	No build output detected to cache. Skipping.
2026-08-14T14:24:17.011724Z	No dependencies detected to cache. Skipping.
2026-08-14T14:24:18.375235Z	Checking for configuration in a Wrangler configuration file (BETA)
2026-08-14T14:24:18.379269Z	
2026-08-14T14:24:18.640873Z	No Wrangler configuration file found. Continuing.
2026-08-14T14:24:18.641453Z	No build command specified. Skipping build step.
2026-08-14T14:24:18.642763Z	Found Functions directory at /functions. Uploading.
2026-08-14T14:24:18.651651Z	 ⛅️ wrangler 3.114.17
2026-08-14T14:24:18.651867Z	-------------------
2026-08-14T14:24:19.786629Z	
2026-08-14T14:24:19.85452Z	[31m✘ [41;31m[[41;97mERROR[41;31m][0m [1mInvalid Pages function route parameter - "[...path]". Parameter names must only contain alphanumeric and underscore characters.[0m
2026-08-14T14:24:19.854822Z	
2026-08-14T14:24:19.854939Z	
2026-08-14T14:24:19.87247Z	🪵  Logs were written to "/root/.config/.wrangler/logs/wrangler-2026-08-14_14-24-19_438.log"
2026-08-14T14:24:19.975748Z	Failed building Pages Functions.
2026-08-14T14:24:20.827024Z	Failed: generating Pages Functions failed. Check the logs above for more information. If this continues for an unknown reason, contact support: https://cfl.re/3WgEyrH