2026-08-14T17:07:04.245631Z	Cloning repository...
2026-08-14T17:07:05.552652Z	From https://github.com/liumoci/my-website-test-
2026-08-14T17:07:05.553021Z	 * branch            241f0a35e0e1338640bdc9896bb2dacd482e3f1f -> FETCH_HEAD
2026-08-14T17:07:05.553138Z	
2026-08-14T17:07:05.586479Z	HEAD is now at 241f0a3 网盘跳转模式+管理面板网盘管理（标题/链接/提取密码可配置）
2026-08-14T17:07:05.586914Z	
2026-08-14T17:07:05.643018Z	
2026-08-14T17:07:05.643573Z	Using v2 root directory strategy
2026-08-14T17:07:05.657728Z	Success: Finished cloning repository files
2026-08-14T17:07:06.41686Z	No build output detected to cache. Skipping.
2026-08-14T17:07:06.41732Z	No dependencies detected to cache. Skipping.
2026-08-14T17:07:07.418757Z	Checking for configuration in a Wrangler configuration file (BETA)
2026-08-14T17:07:07.419148Z	
2026-08-14T17:07:07.617721Z	No Wrangler configuration file found. Continuing.
2026-08-14T17:07:07.61842Z	No build command specified. Skipping build step.
2026-08-14T17:07:07.618911Z	Found Functions directory at /functions. Uploading.
2026-08-14T17:07:07.623952Z	 ⛅️ wrangler 3.114.17
2026-08-14T17:07:07.624115Z	-------------------
2026-08-14T17:07:08.714516Z	[31m✘ [41;31m[[41;97mERROR[41;31m][0m [1mBuild failed with 2 errors:[0m
2026-08-14T17:07:08.714954Z	
2026-08-14T17:07:08.715073Z	  [31m✘ [41;31m[[41;97mERROR[41;31m][0m [1mCould not resolve "../messages/_lib.js"[0m
2026-08-14T17:07:08.715154Z	  
2026-08-14T17:07:08.715222Z	      api/drive-settings.js:3:42:
2026-08-14T17:07:08.715293Z	  [37m      3 │ import { verifyAdmin, jsonResponse } from [32m'../messages/_lib.js'[37m;
2026-08-14T17:07:08.71536Z	          ╵                                           [32m~~~~~~~~~~~~~~~~~~~~~[0m
2026-08-14T17:07:08.71544Z	  
2026-08-14T17:07:08.715509Z	  
2026-08-14T17:07:08.715575Z	  [31m✘ [41;31m[[41;97mERROR[41;31m][0m [1mCould not resolve "../../messages/_lib.js"[0m
2026-08-14T17:07:08.715642Z	  
2026-08-14T17:07:08.715699Z	      api/drive-settings/verify.js:2:29:
2026-08-14T17:07:08.715742Z	  [37m      2 │ import { jsonResponse } from [32m'../../messages/_lib.js'[37m;
2026-08-14T17:07:08.715796Z	          ╵                              [32m~~~~~~~~~~~~~~~~~~~~~~~~[0m
2026-08-14T17:07:08.715855Z	  
2026-08-14T17:07:08.71591Z	  
2026-08-14T17:07:08.715965Z	
2026-08-14T17:07:08.716022Z	
2026-08-14T17:07:08.719677Z	
2026-08-14T17:07:08.722347Z	[31m✘ [41;31m[[41;97mERROR[41;31m][0m [1mBuild failed with 2 errors:[0m
2026-08-14T17:07:08.722783Z	
2026-08-14T17:07:08.722955Z	  [31m✘ [41;31m[[41;97mERROR[41;31m][0m [1mCould not resolve "../messages/_lib.js"[0m
2026-08-14T17:07:08.723413Z	  
2026-08-14T17:07:08.723571Z	      api/drive-settings.js:3:42:
2026-08-14T17:07:08.723679Z	  [37m      3 │ import { verifyAdmin, jsonResponse } from [32m'../messages/_lib.js'[37m;
2026-08-14T17:07:08.723771Z	          ╵                                           [32m~~~~~~~~~~~~~~~~~~~~~[0m
2026-08-14T17:07:08.723845Z	  
2026-08-14T17:07:08.723912Z	  
2026-08-14T17:07:08.723977Z	  [31m✘ [41;31m[[41;97mERROR[41;31m][0m [1mCould not resolve "../../messages/_lib.js"[0m
2026-08-14T17:07:08.724052Z	  
2026-08-14T17:07:08.724121Z	      api/drive-settings/verify.js:2:29:
2026-08-14T17:07:08.724186Z	  [37m      2 │ import { jsonResponse } from [32m'../../messages/_lib.js'[37m;
2026-08-14T17:07:08.724269Z	          ╵                              [32m~~~~~~~~~~~~~~~~~~~~~~~~[0m
2026-08-14T17:07:08.724337Z	  
2026-08-14T17:07:08.724401Z	  
2026-08-14T17:07:08.72446Z	
2026-08-14T17:07:08.724527Z	
2026-08-14T17:07:08.731533Z	🪵  Logs were written to "/root/.config/.wrangler/logs/wrangler-2026-08-14_17-07-08_172.log"
2026-08-14T17:07:08.836626Z	Failed building Pages Functions.
2026-08-14T17:07:09.632376Z	Failed: generating Pages Functions failed. Check the logs above for more information. If this continues for an unknown reason, contact support: https://cfl.re/3WgEyrH